../Core/Src/can.c:31:6:MX_CAN1_Init	8	static
../Core/Src/can.c:63:6:MX_CAN2_Init	8	static
../Core/Src/can.c:97:6:HAL_CAN_MspInit	56	static
../Core/Src/can.c:158:6:HAL_CAN_MspDeInit	0	static
../Core/Src/can.c:208:6:can_rx_init	4	static
../Core/Src/can.c:220:6:can_tx_init	0	static
../Core/Src/can.c:229:6:pack_cmd	72	static
../Core/Src/can.c:256:6:unpack_reply	32	static
../Core/Src/can.c:313:6:EnterMotorMode	0	static
../Core/Src/can.c:326:6:ExitMotorMode	0	static
../Core/Src/can.c:339:6:Zero	0	static
